[38;2;224;177;077mﱮ[38;2;255;255;255m testdata/dirEnv:
[38;2;224;177;077mﱮ[38;2;255;255;255m⠀.              
[38;2;224;177;077mﱮ[38;2;255;255;255m⠀..             
[38;2;032;173;194mﳑ[38;2;255;255;255m⠀1test.go       
[38;2;255;202;061m[38;2;255;255;255m⠀2test.js       
[38;2;052;102;143m[38;2;255;255;255m⠀3test.py       
[38;2;066;165;245m[38;2;255;255;255m⠀abc.css        
[38;2;237;080;122m[38;2;255;255;255m⠀abc.sass       
[38;2;066;165;245m[38;2;255;255;255m⠀.abc.txt       
[38;2;001;135;201m[38;2;255;255;255m⠀Dockerfile     
[38;2;076;175;080m[38;2;255;255;255m⠀Downloads/     
[38;2;224;177;077m[38;2;255;255;255m⠀.privateDir/   
[38;2;067;160;071mנּ[38;2;255;255;255m⠀test.routes.tsx
[38;2;224;177;077m[38;2;255;255;255m⠀testDir/       

[38;2;224;177;077mﱮ[38;2;255;255;255m testdata/dirEnv/.privateDir:
[38;2;224;177;077mﱮ[38;2;255;255;255m⠀.       
[38;2;224;177;077mﱮ[38;2;255;255;255m⠀..      
[38;2;032;173;194mﳑ[38;2;255;255;255m⠀1test.go
[38;2;255;202;061m[38;2;255;255;255m⠀2test.js
[38;2;066;165;245m[38;2;255;255;255m⠀abc.txt 

[38;2;224;177;077mﱮ[38;2;255;255;255m testdata/dirEnv/Downloads:
[38;2;224;177;077mﱮ[38;2;255;255;255m⠀. 
[38;2;224;177;077mﱮ[38;2;255;255;255m⠀..

[38;2;224;177;077mﱮ[38;2;255;255;255m testdata/dirEnv/testDir:
[38;2;224;177;077mﱮ[38;2;255;255;255m⠀.       
[38;2;224;177;077mﱮ[38;2;255;255;255m⠀..      
[38;2;032;173;194mﳑ[38;2;255;255;255m⠀1test.go
[38;2;255;202;061m[38;2;255;255;255m⠀2test.js
[38;2;066;165;245m[38;2;255;255;255m⠀abc.txt 
